Traceback (most recent call last):
  File "/Users/jaypatel/Desktop/Development/Jay/Backbone-Fastapi-CBV/backbone/auth/router.py", line 41, in register
    raise HTTPException(status_code=400, detail="Username already taken")
fastapi.exceptions.HTTPException: 400: Username already taken

--- Login Error ---
Traceback (most recent call last):
  File "/Users/jaypatel/Desktop/Development/Jay/Backbone-Fastapi-CBV/backbone/auth/router.py", line 72, in login
    raise HTTPException(status_code=401, detail="Invalid email or password")
fastapi.exceptions.HTTPException: 401: Invalid email or password

--- Login Error ---
Traceback (most recent call last):
  File "/Users/jaypatel/Desktop/Development/Jay/Backbone-Fastapi-CBV/backbone/auth/router.py", line 72, in login
    raise HTTPException(status_code=401, detail="Invalid email or password")
fastapi.exceptions.HTTPException: 401: Invalid email or password

--- Login Error ---
Traceback (most recent call last):
  File "/Users/jaypatel/Desktop/Development/Jay/Backbone-Fastapi-CBV/backbone/auth/router.py", line 72, in login
    raise HTTPException(status_code=401, detail="Invalid email or password")
fastapi.exceptions.HTTPException: 401: Invalid email or password

--- Login Error ---
Traceback (most recent call last):
  File "/Users/jaypatel/Desktop/Development/Jay/Backbone-Fastapi-CBV/backbone/auth/router.py", line 72, in login
    raise HTTPException(status_code=401, detail="Invalid email or password")
fastapi.exceptions.HTTPException: 401: Invalid email or password

--- Login Error ---
Traceback (most recent call last):
  File "/Users/jaypatel/Desktop/Development/Jay/Backbone-Fastapi-CBV/backbone/auth/router.py", line 72, in login
    raise HTTPException(status_code=401, detail="Invalid email or password")
fastapi.exceptions.HTTPException: 401: Invalid email or password

--- Login Error ---
Traceback (most recent call last):
  File "/Users/jaypatel/Desktop/Development/Jay/Backbone-Fastapi-CBV/backbone/auth/router.py", line 75, in login
    session_data = await auth_service.create_session(
                   ^^^^^^^^^^^^^^^^^^^^^^^^^^^^^^^^^^
    ...<3 lines>...
    )
    ^
  File "/Users/jaypatel/Desktop/Development/Jay/Backbone-Fastapi-CBV/backbone/auth/service.py", line 59, in create_session
    session = await self.session_repo.create(session_data)
              ^^^^^^^^^^^^^^^^^^^^^^^^^^^^^^^^^^^^^^^^^^^^
  File "/Users/jaypatel/Desktop/Development/Jay/Backbone-Fastapi-CBV/backbone/core/repository.py", line 173, in create
    await obj.insert()
  File "/Users/jaypatel/Desktop/Development/Jay/Backbone-Fastapi-CBV/.venv/lib/python3.13/site-packages/beanie/odm/actions.py", line 237, in wrapper
    result = await f(
             ^^^^^^^^
    ...<4 lines>...
    )
    ^
  File "/Users/jaypatel/Desktop/Development/Jay/Backbone-Fastapi-CBV/.venv/lib/python3.13/site-packages/beanie/odm/utils/state.py", line 89, in wrapper
    result = await f(self, *args, **kwargs)
             ^^^^^^^^^^^^^^^^^^^^^^^^^^^^^^
  File "/Users/jaypatel/Desktop/Development/Jay/Backbone-Fastapi-CBV/.venv/lib/python3.13/site-packages/beanie/odm/utils/self_validation.py", line 19, in wrapper
    return await f(self, *args, **kwargs)
           ^^^^^^^^^^^^^^^^^^^^^^^^^^^^^^
  File "/Users/jaypatel/Desktop/Development/Jay/Backbone-Fastapi-CBV/.venv/lib/python3.13/site-packages/beanie/odm/documents.py", line 368, in insert
    result = await self.get_pymongo_collection().insert_one(
             ^^^^^^^^^^^^^^^^^^^^^^^^^^^^^^^^^^^^^^^^^^^^^^^
    ...<4 lines>...
    )
    ^
  File "/opt/homebrew/Cellar/python@3.13/3.13.7/Frameworks/Python.framework/Versions/3.13/lib/python3.13/concurrent/futures/thread.py", line 59, in run
    result = self.fn(*self.args, **self.kwargs)
  File "/Users/jaypatel/Desktop/Development/Jay/Backbone-Fastapi-CBV/.venv/lib/python3.13/site-packages/pymongo/synchronous/collection.py", line 891, in insert_one
    self._insert_one(
    ~~~~~~~~~~~~~~~~^
        document,
        ^^^^^^^^^
    ...<5 lines>...
        comment=comment,
        ^^^^^^^^^^^^^^^^
    ),
    ^
  File "/Users/jaypatel/Desktop/Development/Jay/Backbone-Fastapi-CBV/.venv/lib/python3.13/site-packages/pymongo/synchronous/collection.py", line 831, in _insert_one
    self._database.client._retryable_write(
    ~~~~~~~~~~~~~~~~~~~~~~~~~~~~~~~~~~~~~~^
        acknowledged, _insert_command, session, operation=_Op.INSERT
        ^^^^^^^^^^^^^^^^^^^^^^^^^^^^^^^^^^^^^^^^^^^^^^^^^^^^^^^^^^^^
    )
    ^
  File "/Users/jaypatel/Desktop/Development/Jay/Backbone-Fastapi-CBV/.venv/lib/python3.13/site-packages/pymongo/synchronous/mongo_client.py", line 2083, in _retryable_write
    return self._retry_with_session(retryable, func, s, bulk, operation, operation_id)
           ~~~~~~~~~~~~~~~~~~~~~~~~^^^^^^^^^^^^^^^^^^^^^^^^^^^^^^^^^^^^^^^^^^^^^^^^^^^
  File "/Users/jaypatel/Desktop/Development/Jay/Backbone-Fastapi-CBV/.venv/lib/python3.13/site-packages/pymongo/synchronous/mongo_client.py", line 1968, in _retry_with_session
    return self._retry_internal(
           ~~~~~~~~~~~~~~~~~~~~^
        func=func,
        ^^^^^^^^^^
    ...<4 lines>...
        operation_id=operation_id,
        ^^^^^^^^^^^^^^^^^^^^^^^^^^
    )
    ^
  File "/Users/jaypatel/Desktop/Development/Jay/Backbone-Fastapi-CBV/.venv/lib/python3.13/site-packages/pymongo/_csot.py", line 125, in csot_wrapper
    return func(self, *args, **kwargs)
  File "/Users/jaypatel/Desktop/Development/Jay/Backbone-Fastapi-CBV/.venv/lib/python3.13/site-packages/pymongo/synchronous/mongo_client.py", line 2014, in _retry_internal
    ).run()
      ~~~^^
  File "/Users/jaypatel/Desktop/Development/Jay/Backbone-Fastapi-CBV/.venv/lib/python3.13/site-packages/pymongo/synchronous/mongo_client.py", line 2763, in run
    return self._read() if self._is_read else self._write()
                                              ~~~~~~~~~~~^^
  File "/Users/jaypatel/Desktop/Development/Jay/Backbone-Fastapi-CBV/.venv/lib/python3.13/site-packages/pymongo/synchronous/mongo_client.py", line 2895, in _write
    return self._func(self._session, conn, self._retryable)  # type: ignore
           ~~~~~~~~~~^^^^^^^^^^^^^^^^^^^^^^^^^^^^^^^^^^^^^^
  File "/Users/jaypatel/Desktop/Development/Jay/Backbone-Fastapi-CBV/.venv/lib/python3.13/site-packages/pymongo/synchronous/collection.py", line 829, in _insert_command
    _check_write_command_response(result)
    ~~~~~~~~~~~~~~~~~~~~~~~~~~~~~^^^^^^^^
  File "/Users/jaypatel/Desktop/Development/Jay/Backbone-Fastapi-CBV/.venv/lib/python3.13/site-packages/pymongo/helpers_shared.py", line 322, in _check_write_command_response
    _raise_last_write_error(write_errors)
    ~~~~~~~~~~~~~~~~~~~~~~~^^^^^^^^^^^^^^
  File "/Users/jaypatel/Desktop/Development/Jay/Backbone-Fastapi-CBV/.venv/lib/python3.13/site-packages/pymongo/helpers_shared.py", line 292, in _raise_last_write_error
    raise DuplicateKeyError(error.get("errmsg"), 11000, error)
pymongo.errors.DuplicateKeyError: E11000 duplicate key error collection: backbone_app.sessions index: refresh_token_1 dup key: { refresh_token: "" }, full error: {'index': 0, 'code': 11000, 'errmsg': 'E11000 duplicate key error collection: backbone_app.sessions index: refresh_token_1 dup key: { refresh_token: "" }', 'keyPattern': {'refresh_token': 1}, 'keyValue': {'refresh_token': ''}}

--- Login Error ---
Traceback (most recent call last):
  File "/Users/jaypatel/Desktop/Development/Jay/Backbone-Fastapi-CBV/backbone/auth/router.py", line 75, in login
    session_data = await auth_service.create_session(
                   ^^^^^^^^^^^^^^^^^^^^^^^^^^^^^^^^^^
    ...<3 lines>...
    )
    ^
  File "/Users/jaypatel/Desktop/Development/Jay/Backbone-Fastapi-CBV/backbone/auth/service.py", line 59, in create_session
    session = await self.session_repo.create(session_data)
              ^^^^^^^^^^^^^^^^^^^^^^^^^^^^^^^^^^^^^^^^^^^^
  File "/Users/jaypatel/Desktop/Development/Jay/Backbone-Fastapi-CBV/backbone/core/repository.py", line 173, in create
    await obj.insert()
  File "/Users/jaypatel/Desktop/Development/Jay/Backbone-Fastapi-CBV/.venv/lib/python3.13/site-packages/beanie/odm/actions.py", line 237, in wrapper
    result = await f(
             ^^^^^^^^
    ...<4 lines>...
    )
    ^
  File "/Users/jaypatel/Desktop/Development/Jay/Backbone-Fastapi-CBV/.venv/lib/python3.13/site-packages/beanie/odm/utils/state.py", line 89, in wrapper
    result = await f(self, *args, **kwargs)
             ^^^^^^^^^^^^^^^^^^^^^^^^^^^^^^
  File "/Users/jaypatel/Desktop/Development/Jay/Backbone-Fastapi-CBV/.venv/lib/python3.13/site-packages/beanie/odm/utils/self_validation.py", line 19, in wrapper
    return await f(self, *args, **kwargs)
           ^^^^^^^^^^^^^^^^^^^^^^^^^^^^^^
  File "/Users/jaypatel/Desktop/Development/Jay/Backbone-Fastapi-CBV/.venv/lib/python3.13/site-packages/beanie/odm/documents.py", line 368, in insert
    result = await self.get_pymongo_collection().insert_one(
             ^^^^^^^^^^^^^^^^^^^^^^^^^^^^^^^^^^^^^^^^^^^^^^^
    ...<4 lines>...
    )
    ^
  File "/opt/homebrew/Cellar/python@3.13/3.13.7/Frameworks/Python.framework/Versions/3.13/lib/python3.13/concurrent/futures/thread.py", line 59, in run
    result = self.fn(*self.args, **self.kwargs)
  File "/Users/jaypatel/Desktop/Development/Jay/Backbone-Fastapi-CBV/.venv/lib/python3.13/site-packages/pymongo/synchronous/collection.py", line 891, in insert_one
    self._insert_one(
    ~~~~~~~~~~~~~~~~^
        document,
        ^^^^^^^^^
    ...<5 lines>...
        comment=comment,
        ^^^^^^^^^^^^^^^^
    ),
    ^
  File "/Users/jaypatel/Desktop/Development/Jay/Backbone-Fastapi-CBV/.venv/lib/python3.13/site-packages/pymongo/synchronous/collection.py", line 831, in _insert_one
    self._database.client._retryable_write(
    ~~~~~~~~~~~~~~~~~~~~~~~~~~~~~~~~~~~~~~^
        acknowledged, _insert_command, session, operation=_Op.INSERT
        ^^^^^^^^^^^^^^^^^^^^^^^^^^^^^^^^^^^^^^^^^^^^^^^^^^^^^^^^^^^^
    )
    ^
  File "/Users/jaypatel/Desktop/Development/Jay/Backbone-Fastapi-CBV/.venv/lib/python3.13/site-packages/pymongo/synchronous/mongo_client.py", line 2083, in _retryable_write
    return self._retry_with_session(retryable, func, s, bulk, operation, operation_id)
           ~~~~~~~~~~~~~~~~~~~~~~~~^^^^^^^^^^^^^^^^^^^^^^^^^^^^^^^^^^^^^^^^^^^^^^^^^^^
  File "/Users/jaypatel/Desktop/Development/Jay/Backbone-Fastapi-CBV/.venv/lib/python3.13/site-packages/pymongo/synchronous/mongo_client.py", line 1968, in _retry_with_session
    return self._retry_internal(
           ~~~~~~~~~~~~~~~~~~~~^
        func=func,
        ^^^^^^^^^^
    ...<4 lines>...
        operation_id=operation_id,
        ^^^^^^^^^^^^^^^^^^^^^^^^^^
    )
    ^
  File "/Users/jaypatel/Desktop/Development/Jay/Backbone-Fastapi-CBV/.venv/lib/python3.13/site-packages/pymongo/_csot.py", line 125, in csot_wrapper
    return func(self, *args, **kwargs)
  File "/Users/jaypatel/Desktop/Development/Jay/Backbone-Fastapi-CBV/.venv/lib/python3.13/site-packages/pymongo/synchronous/mongo_client.py", line 2014, in _retry_internal
    ).run()
      ~~~^^
  File "/Users/jaypatel/Desktop/Development/Jay/Backbone-Fastapi-CBV/.venv/lib/python3.13/site-packages/pymongo/synchronous/mongo_client.py", line 2763, in run
    return self._read() if self._is_read else self._write()
                                              ~~~~~~~~~~~^^
  File "/Users/jaypatel/Desktop/Development/Jay/Backbone-Fastapi-CBV/.venv/lib/python3.13/site-packages/pymongo/synchronous/mongo_client.py", line 2895, in _write
    return self._func(self._session, conn, self._retryable)  # type: ignore
           ~~~~~~~~~~^^^^^^^^^^^^^^^^^^^^^^^^^^^^^^^^^^^^^^
  File "/Users/jaypatel/Desktop/Development/Jay/Backbone-Fastapi-CBV/.venv/lib/python3.13/site-packages/pymongo/synchronous/collection.py", line 829, in _insert_command
    _check_write_command_response(result)
    ~~~~~~~~~~~~~~~~~~~~~~~~~~~~~^^^^^^^^
  File "/Users/jaypatel/Desktop/Development/Jay/Backbone-Fastapi-CBV/.venv/lib/python3.13/site-packages/pymongo/helpers_shared.py", line 322, in _check_write_command_response
    _raise_last_write_error(write_errors)
    ~~~~~~~~~~~~~~~~~~~~~~~^^^^^^^^^^^^^^
  File "/Users/jaypatel/Desktop/Development/Jay/Backbone-Fastapi-CBV/.venv/lib/python3.13/site-packages/pymongo/helpers_shared.py", line 292, in _raise_last_write_error
    raise DuplicateKeyError(error.get("errmsg"), 11000, error)
pymongo.errors.DuplicateKeyError: E11000 duplicate key error collection: backbone_app.sessions index: refresh_token_1 dup key: { refresh_token: "" }, full error: {'index': 0, 'code': 11000, 'errmsg': 'E11000 duplicate key error collection: backbone_app.sessions index: refresh_token_1 dup key: { refresh_token: "" }', 'keyPattern': {'refresh_token': 1}, 'keyValue': {'refresh_token': ''}}

--- Login Error ---
Traceback (most recent call last):
  File "/Users/jaypatel/Desktop/Development/Jay/Backbone-Fastapi-CBV/backbone/auth/router.py", line 75, in login
    session_data = await auth_service.create_session(
                   ^^^^^^^^^^^^^^^^^^^^^^^^^^^^^^^^^^
    ...<3 lines>...
    )
    ^
  File "/Users/jaypatel/Desktop/Development/Jay/Backbone-Fastapi-CBV/backbone/auth/service.py", line 59, in create_session
    session = await self.session_repo.create(session_data)
              ^^^^^^^^^^^^^^^^^^^^^^^^^^^^^^^^^^^^^^^^^^^^
  File "/Users/jaypatel/Desktop/Development/Jay/Backbone-Fastapi-CBV/backbone/core/repository.py", line 173, in create
    await obj.insert()
  File "/Users/jaypatel/Desktop/Development/Jay/Backbone-Fastapi-CBV/.venv/lib/python3.13/site-packages/beanie/odm/actions.py", line 237, in wrapper
    result = await f(
             ^^^^^^^^
    ...<4 lines>...
    )
    ^
  File "/Users/jaypatel/Desktop/Development/Jay/Backbone-Fastapi-CBV/.venv/lib/python3.13/site-packages/beanie/odm/utils/state.py", line 89, in wrapper
    result = await f(self, *args, **kwargs)
             ^^^^^^^^^^^^^^^^^^^^^^^^^^^^^^
  File "/Users/jaypatel/Desktop/Development/Jay/Backbone-Fastapi-CBV/.venv/lib/python3.13/site-packages/beanie/odm/utils/self_validation.py", line 19, in wrapper
    return await f(self, *args, **kwargs)
           ^^^^^^^^^^^^^^^^^^^^^^^^^^^^^^
  File "/Users/jaypatel/Desktop/Development/Jay/Backbone-Fastapi-CBV/.venv/lib/python3.13/site-packages/beanie/odm/documents.py", line 368, in insert
    result = await self.get_pymongo_collection().insert_one(
             ^^^^^^^^^^^^^^^^^^^^^^^^^^^^^^^^^^^^^^^^^^^^^^^
    ...<4 lines>...
    )
    ^
  File "/opt/homebrew/Cellar/python@3.13/3.13.7/Frameworks/Python.framework/Versions/3.13/lib/python3.13/concurrent/futures/thread.py", line 59, in run
    result = self.fn(*self.args, **self.kwargs)
  File "/Users/jaypatel/Desktop/Development/Jay/Backbone-Fastapi-CBV/.venv/lib/python3.13/site-packages/pymongo/synchronous/collection.py", line 891, in insert_one
    self._insert_one(
    ~~~~~~~~~~~~~~~~^
        document,
        ^^^^^^^^^
    ...<5 lines>...
        comment=comment,
        ^^^^^^^^^^^^^^^^
    ),
    ^
  File "/Users/jaypatel/Desktop/Development/Jay/Backbone-Fastapi-CBV/.venv/lib/python3.13/site-packages/pymongo/synchronous/collection.py", line 831, in _insert_one
    self._database.client._retryable_write(
    ~~~~~~~~~~~~~~~~~~~~~~~~~~~~~~~~~~~~~~^
        acknowledged, _insert_command, session, operation=_Op.INSERT
        ^^^^^^^^^^^^^^^^^^^^^^^^^^^^^^^^^^^^^^^^^^^^^^^^^^^^^^^^^^^^
    )
    ^
  File "/Users/jaypatel/Desktop/Development/Jay/Backbone-Fastapi-CBV/.venv/lib/python3.13/site-packages/pymongo/synchronous/mongo_client.py", line 2083, in _retryable_write
    return self._retry_with_session(retryable, func, s, bulk, operation, operation_id)
           ~~~~~~~~~~~~~~~~~~~~~~~~^^^^^^^^^^^^^^^^^^^^^^^^^^^^^^^^^^^^^^^^^^^^^^^^^^^
  File "/Users/jaypatel/Desktop/Development/Jay/Backbone-Fastapi-CBV/.venv/lib/python3.13/site-packages/pymongo/synchronous/mongo_client.py", line 1968, in _retry_with_session
    return self._retry_internal(
           ~~~~~~~~~~~~~~~~~~~~^
        func=func,
        ^^^^^^^^^^
    ...<4 lines>...
        operation_id=operation_id,
        ^^^^^^^^^^^^^^^^^^^^^^^^^^
    )
    ^
  File "/Users/jaypatel/Desktop/Development/Jay/Backbone-Fastapi-CBV/.venv/lib/python3.13/site-packages/pymongo/_csot.py", line 125, in csot_wrapper
    return func(self, *args, **kwargs)
  File "/Users/jaypatel/Desktop/Development/Jay/Backbone-Fastapi-CBV/.venv/lib/python3.13/site-packages/pymongo/synchronous/mongo_client.py", line 2014, in _retry_internal
    ).run()
      ~~~^^
  File "/Users/jaypatel/Desktop/Development/Jay/Backbone-Fastapi-CBV/.venv/lib/python3.13/site-packages/pymongo/synchronous/mongo_client.py", line 2763, in run
    return self._read() if self._is_read else self._write()
                                              ~~~~~~~~~~~^^
  File "/Users/jaypatel/Desktop/Development/Jay/Backbone-Fastapi-CBV/.venv/lib/python3.13/site-packages/pymongo/synchronous/mongo_client.py", line 2895, in _write
    return self._func(self._session, conn, self._retryable)  # type: ignore
           ~~~~~~~~~~^^^^^^^^^^^^^^^^^^^^^^^^^^^^^^^^^^^^^^
  File "/Users/jaypatel/Desktop/Development/Jay/Backbone-Fastapi-CBV/.venv/lib/python3.13/site-packages/pymongo/synchronous/collection.py", line 829, in _insert_command
    _check_write_command_response(result)
    ~~~~~~~~~~~~~~~~~~~~~~~~~~~~~^^^^^^^^
  File "/Users/jaypatel/Desktop/Development/Jay/Backbone-Fastapi-CBV/.venv/lib/python3.13/site-packages/pymongo/helpers_shared.py", line 322, in _check_write_command_response
    _raise_last_write_error(write_errors)
    ~~~~~~~~~~~~~~~~~~~~~~~^^^^^^^^^^^^^^
  File "/Users/jaypatel/Desktop/Development/Jay/Backbone-Fastapi-CBV/.venv/lib/python3.13/site-packages/pymongo/helpers_shared.py", line 292, in _raise_last_write_error
    raise DuplicateKeyError(error.get("errmsg"), 11000, error)
pymongo.errors.DuplicateKeyError: E11000 duplicate key error collection: backbone_app.sessions index: refresh_token_1 dup key: { refresh_token: "" }, full error: {'index': 0, 'code': 11000, 'errmsg': 'E11000 duplicate key error collection: backbone_app.sessions index: refresh_token_1 dup key: { refresh_token: "" }', 'keyPattern': {'refresh_token': 1}, 'keyValue': {'refresh_token': ''}}

--- Login Error ---
Traceback (most recent call last):
  File "/Users/jaypatel/Desktop/Development/Jay/Backbone-Fastapi-CBV/backbone/auth/router.py", line 75, in login
    session_data = await auth_service.create_session(
                   ^^^^^^^^^^^^^^^^^^^^^^^^^^^^^^^^^^
    ...<3 lines>...
    )
    ^
  File "/Users/jaypatel/Desktop/Development/Jay/Backbone-Fastapi-CBV/backbone/auth/service.py", line 59, in create_session
    session = await self.session_repo.create(session_data)
              ^^^^^^^^^^^^^^^^^^^^^^^^^^^^^^^^^^^^^^^^^^^^
  File "/Users/jaypatel/Desktop/Development/Jay/Backbone-Fastapi-CBV/backbone/core/repository.py", line 173, in create
    await obj.insert()
  File "/Users/jaypatel/Desktop/Development/Jay/Backbone-Fastapi-CBV/.venv/lib/python3.13/site-packages/beanie/odm/actions.py", line 237, in wrapper
    result = await f(
             ^^^^^^^^
    ...<4 lines>...
    )
    ^
  File "/Users/jaypatel/Desktop/Development/Jay/Backbone-Fastapi-CBV/.venv/lib/python3.13/site-packages/beanie/odm/utils/state.py", line 89, in wrapper
    result = await f(self, *args, **kwargs)
             ^^^^^^^^^^^^^^^^^^^^^^^^^^^^^^
  File "/Users/jaypatel/Desktop/Development/Jay/Backbone-Fastapi-CBV/.venv/lib/python3.13/site-packages/beanie/odm/utils/self_validation.py", line 19, in wrapper
    return await f(self, *args, **kwargs)
           ^^^^^^^^^^^^^^^^^^^^^^^^^^^^^^
  File "/Users/jaypatel/Desktop/Development/Jay/Backbone-Fastapi-CBV/.venv/lib/python3.13/site-packages/beanie/odm/documents.py", line 368, in insert
    result = await self.get_pymongo_collection().insert_one(
             ^^^^^^^^^^^^^^^^^^^^^^^^^^^^^^^^^^^^^^^^^^^^^^^
    ...<4 lines>...
    )
    ^
  File "/opt/homebrew/Cellar/python@3.13/3.13.7/Frameworks/Python.framework/Versions/3.13/lib/python3.13/concurrent/futures/thread.py", line 59, in run
    result = self.fn(*self.args, **self.kwargs)
  File "/Users/jaypatel/Desktop/Development/Jay/Backbone-Fastapi-CBV/.venv/lib/python3.13/site-packages/pymongo/synchronous/collection.py", line 891, in insert_one
    self._insert_one(
    ~~~~~~~~~~~~~~~~^
        document,
        ^^^^^^^^^
    ...<5 lines>...
        comment=comment,
        ^^^^^^^^^^^^^^^^
    ),
    ^
  File "/Users/jaypatel/Desktop/Development/Jay/Backbone-Fastapi-CBV/.venv/lib/python3.13/site-packages/pymongo/synchronous/collection.py", line 831, in _insert_one
    self._database.client._retryable_write(
    ~~~~~~~~~~~~~~~~~~~~~~~~~~~~~~~~~~~~~~^
        acknowledged, _insert_command, session, operation=_Op.INSERT
        ^^^^^^^^^^^^^^^^^^^^^^^^^^^^^^^^^^^^^^^^^^^^^^^^^^^^^^^^^^^^
    )
    ^
  File "/Users/jaypatel/Desktop/Development/Jay/Backbone-Fastapi-CBV/.venv/lib/python3.13/site-packages/pymongo/synchronous/mongo_client.py", line 2083, in _retryable_write
    return self._retry_with_session(retryable, func, s, bulk, operation, operation_id)
           ~~~~~~~~~~~~~~~~~~~~~~~~^^^^^^^^^^^^^^^^^^^^^^^^^^^^^^^^^^^^^^^^^^^^^^^^^^^
  File "/Users/jaypatel/Desktop/Development/Jay/Backbone-Fastapi-CBV/.venv/lib/python3.13/site-packages/pymongo/synchronous/mongo_client.py", line 1968, in _retry_with_session
    return self._retry_internal(
           ~~~~~~~~~~~~~~~~~~~~^
        func=func,
        ^^^^^^^^^^
    ...<4 lines>...
        operation_id=operation_id,
        ^^^^^^^^^^^^^^^^^^^^^^^^^^
    )
    ^
  File "/Users/jaypatel/Desktop/Development/Jay/Backbone-Fastapi-CBV/.venv/lib/python3.13/site-packages/pymongo/_csot.py", line 125, in csot_wrapper
    return func(self, *args, **kwargs)
  File "/Users/jaypatel/Desktop/Development/Jay/Backbone-Fastapi-CBV/.venv/lib/python3.13/site-packages/pymongo/synchronous/mongo_client.py", line 2014, in _retry_internal
    ).run()
      ~~~^^
  File "/Users/jaypatel/Desktop/Development/Jay/Backbone-Fastapi-CBV/.venv/lib/python3.13/site-packages/pymongo/synchronous/mongo_client.py", line 2763, in run
    return self._read() if self._is_read else self._write()
                                              ~~~~~~~~~~~^^
  File "/Users/jaypatel/Desktop/Development/Jay/Backbone-Fastapi-CBV/.venv/lib/python3.13/site-packages/pymongo/synchronous/mongo_client.py", line 2895, in _write
    return self._func(self._session, conn, self._retryable)  # type: ignore
           ~~~~~~~~~~^^^^^^^^^^^^^^^^^^^^^^^^^^^^^^^^^^^^^^
  File "/Users/jaypatel/Desktop/Development/Jay/Backbone-Fastapi-CBV/.venv/lib/python3.13/site-packages/pymongo/synchronous/collection.py", line 829, in _insert_command
    _check_write_command_response(result)
    ~~~~~~~~~~~~~~~~~~~~~~~~~~~~~^^^^^^^^
  File "/Users/jaypatel/Desktop/Development/Jay/Backbone-Fastapi-CBV/.venv/lib/python3.13/site-packages/pymongo/helpers_shared.py", line 322, in _check_write_command_response
    _raise_last_write_error(write_errors)
    ~~~~~~~~~~~~~~~~~~~~~~~^^^^^^^^^^^^^^
  File "/Users/jaypatel/Desktop/Development/Jay/Backbone-Fastapi-CBV/.venv/lib/python3.13/site-packages/pymongo/helpers_shared.py", line 292, in _raise_last_write_error
    raise DuplicateKeyError(error.get("errmsg"), 11000, error)
pymongo.errors.DuplicateKeyError: E11000 duplicate key error collection: backbone_app.sessions index: refresh_token_1 dup key: { refresh_token: "" }, full error: {'index': 0, 'code': 11000, 'errmsg': 'E11000 duplicate key error collection: backbone_app.sessions index: refresh_token_1 dup key: { refresh_token: "" }', 'keyPattern': {'refresh_token': 1}, 'keyValue': {'refresh_token': ''}}

--- Login Error ---
Traceback (most recent call last):
  File "/Users/jaypatel/Desktop/Development/Jay/Backbone-Fastapi-CBV/backbone/auth/router.py", line 72, in login
    raise HTTPException(status_code=401, detail="Invalid email or password")
fastapi.exceptions.HTTPException: 401: Invalid email or password

--- Login Error ---
Traceback (most recent call last):
  File "/Users/jaypatel/Desktop/Development/Jay/Backbone-Fastapi-CBV/backbone/auth/router.py", line 72, in login
    raise HTTPException(status_code=401, detail="Invalid email or password")
fastapi.exceptions.HTTPException: 401: Invalid email or password

--- Login Error ---
Traceback (most recent call last):
  File "/Users/jaypatel/Desktop/Development/Jay/Backbone-Fastapi-CBV/backbone/auth/router.py", line 72, in login
    raise HTTPException(status_code=401, detail="Invalid email or password")
fastapi.exceptions.HTTPException: 401: Invalid email or password

--- Login Error ---
Traceback (most recent call last):
  File "/Users/jaypatel/Desktop/Development/Jay/Backbone-Fastapi-CBV/backbone/auth/router.py", line 72, in login
    raise HTTPException(status_code=401, detail="Invalid email or password")
fastapi.exceptions.HTTPException: 401: Invalid email or password

--- Login Error ---
Traceback (most recent call last):
  File "/Users/jaypatel/Desktop/Development/Jay/Backbone-Fastapi-CBV/backbone/auth/router.py", line 72, in login
    raise HTTPException(status_code=401, detail="Invalid email or password")
fastapi.exceptions.HTTPException: 401: Invalid email or password

--- Login Error ---
Traceback (most recent call last):
  File "/Users/jaypatel/Desktop/Development/Jay/Backbone-Fastapi-CBV/backbone/auth/router.py", line 72, in login
    raise HTTPException(status_code=401, detail="Invalid email or password")
fastapi.exceptions.HTTPException: 401: Invalid email or password

--- Login Error ---
Traceback (most recent call last):
  File "/Users/jaypatel/Desktop/Development/Jay/Backbone-Fastapi-CBV/backbone/auth/router.py", line 72, in login
    raise HTTPException(status_code=401, detail="Invalid email or password")
fastapi.exceptions.HTTPException: 401: Invalid email or password

--- Login Error ---
Traceback (most recent call last):
  File "/Users/jaypatel/Desktop/Development/Jay/Backbone-Fastapi-CBV/backbone/auth/router.py", line 72, in login
    raise HTTPException(status_code=401, detail="Invalid email or password")
fastapi.exceptions.HTTPException: 401: Invalid email or password

--- Login Error ---
Traceback (most recent call last):
  File "/Users/jaypatel/Desktop/Development/Jay/Backbone-Fastapi-CBV/backbone/auth/router.py", line 72, in login
    raise HTTPException(status_code=401, detail="Invalid email or password")
fastapi.exceptions.HTTPException: 401: Invalid email or password

--- Login Error ---
Traceback (most recent call last):
  File "/Users/jaypatel/Desktop/Development/Jay/Backbone-Fastapi-CBV/backbone/auth/router.py", line 72, in login
    raise HTTPException(status_code=401, detail="Invalid email or password")
fastapi.exceptions.HTTPException: 401: Invalid email or password

--- Login Error ---
Traceback (most recent call last):
  File "/Users/jaypatel/Desktop/Development/Jay/Backbone-Fastapi-CBV/backbone/auth/router.py", line 72, in login
    raise HTTPException(status_code=401, detail="Invalid email or password")
fastapi.exceptions.HTTPException: 401: Invalid email or password

--- Login Error ---
Traceback (most recent call last):
  File "/Users/jaypatel/Desktop/Development/Jay/Backbone-Fastapi-CBV/backbone/auth/router.py", line 72, in login
    raise HTTPException(status_code=401, detail="Invalid email or password")
fastapi.exceptions.HTTPException: 401: Invalid email or password

--- Login Error ---
Traceback (most recent call last):
  File "/Users/jaypatel/Desktop/Development/Jay/Backbone-Fastapi-CBV/backbone/auth/router.py", line 72, in login
    raise HTTPException(status_code=401, detail="Invalid email or password")
fastapi.exceptions.HTTPException: 401: Invalid email or password

--- Login Error ---
Traceback (most recent call last):
  File "/Users/jaypatel/Desktop/Development/Jay/Backbone-Fastapi-CBV/backbone/auth/router.py", line 72, in login
    raise HTTPException(status_code=401, detail="Invalid email or password")
fastapi.exceptions.HTTPException: 401: Invalid email or password

--- Login Error ---
Traceback (most recent call last):
  File "/Users/jaypatel/Desktop/Development/Jay/Backbone-Fastapi-CBV/backbone/auth/router.py", line 72, in login
    raise HTTPException(status_code=401, detail="Invalid email or password")
fastapi.exceptions.HTTPException: 401: Invalid email or password

--- Login Error ---
Traceback (most recent call last):
  File "/Users/jaypatel/Desktop/Development/Jay/Backbone-Fastapi-CBV/backbone/auth/router.py", line 72, in login
    raise HTTPException(status_code=401, detail="Invalid email or password")
fastapi.exceptions.HTTPException: 401: Invalid email or password

--- Login Error ---
Traceback (most recent call last):
  File "/Users/jaypatel/Desktop/Development/Jay/Backbone-Fastapi-CBV/backbone/auth/router.py", line 72, in login
    raise HTTPException(status_code=401, detail="Invalid email or password")
fastapi.exceptions.HTTPException: 401: Invalid email or password

--- Login Error ---
Traceback (most recent call last):
  File "/Users/jaypatel/Desktop/Development/Jay/Backbone-Fastapi-CBV/backbone/auth/router.py", line 72, in login
    raise HTTPException(status_code=401, detail="Invalid email or password")
fastapi.exceptions.HTTPException: 401: Invalid email or password

--- Login Error ---
Traceback (most recent call last):
  File "/Users/jaypatel/Desktop/Development/Jay/Backbone-Fastapi-CBV/backbone/auth/router.py", line 72, in login
    raise HTTPException(status_code=401, detail="Invalid email or password")
fastapi.exceptions.HTTPException: 401: Invalid email or password

--- Login Error ---
Traceback (most recent call last):
  File "/Users/jaypatel/Desktop/Development/Jay/Backbone-Fastapi-CBV/backbone/auth/router.py", line 72, in login
    raise HTTPException(status_code=401, detail="Invalid email or password")
fastapi.exceptions.HTTPException: 401: Invalid email or password

--- Login Error ---
Traceback (most recent call last):
  File "/Users/jaypatel/Desktop/Development/Jay/Backbone-Fastapi-CBV/backbone/auth/router.py", line 72, in login
    raise HTTPException(status_code=401, detail="Invalid email or password")
fastapi.exceptions.HTTPException: 401: Invalid email or password

--- Login Error ---
Traceback (most recent call last):
  File "/Users/jaypatel/Desktop/Development/Jay/Backbone-Fastapi-CBV/backbone/auth/router.py", line 72, in login
    raise HTTPException(status_code=401, detail="Invalid email or password")
fastapi.exceptions.HTTPException: 401: Invalid email or password

--- Login Error ---
Traceback (most recent call last):
  File "/Users/jaypatel/Desktop/Development/Jay/Backbone-Fastapi-CBV/backbone/auth/router.py", line 72, in login
    raise HTTPException(status_code=401, detail="Invalid email or password")
fastapi.exceptions.HTTPException: 401: Invalid email or password

--- Login Error ---
Traceback (most recent call last):
  File "/Users/jaypatel/Desktop/Development/Jay/Backbone-Fastapi-CBV/backbone/auth/router.py", line 72, in login
    raise HTTPException(status_code=401, detail="Invalid email or password")
fastapi.exceptions.HTTPException: 401: Invalid email or password

--- Login Error ---
Traceback (most recent call last):
  File "/Users/jaypatel/Desktop/Development/Jay/Backbone-Fastapi-CBV/backbone/auth/router.py", line 72, in login
    raise HTTPException(status_code=401, detail="Invalid email or password")
fastapi.exceptions.HTTPException: 401: Invalid email or password

--- Login Error ---
Traceback (most recent call last):
  File "/Users/jaypatel/Desktop/Development/Jay/Backbone-Fastapi-CBV/backbone/auth/router.py", line 72, in login
    raise HTTPException(status_code=401, detail="Invalid email or password")
fastapi.exceptions.HTTPException: 401: Invalid email or password

--- Login Error ---
Traceback (most recent call last):
  File "/Users/jaypatel/Desktop/Development/Jay/Backbone-Fastapi-CBV/backbone/auth/router.py", line 72, in login
    raise HTTPException(status_code=401, detail="Invalid email or password")
fastapi.exceptions.HTTPException: 401: Invalid email or password

--- Login Error ---
Traceback (most recent call last):
  File "/Users/jaypatel/Desktop/Development/Jay/Backbone-Fastapi-CBV/backbone/auth/router.py", line 72, in login
    raise HTTPException(status_code=401, detail="Invalid email or password")
fastapi.exceptions.HTTPException: 401: Invalid email or password

--- Login Error ---
Traceback (most recent call last):
  File "/Users/jaypatel/Desktop/Development/Jay/Backbone-Fastapi-CBV/backbone/auth/router.py", line 72, in login
    raise HTTPException(status_code=401, detail="Invalid email or password")
fastapi.exceptions.HTTPException: 401: Invalid email or password

--- Login Error ---
Traceback (most recent call last):
  File "/Users/jaypatel/Desktop/Development/Jay/Backbone-Fastapi-CBV/backbone/auth/router.py", line 72, in login
    raise HTTPException(status_code=401, detail="Invalid email or password")
fastapi.exceptions.HTTPException: 401: Invalid email or password

--- Login Error ---
Traceback (most recent call last):
  File "/Users/jaypatel/Desktop/Development/Jay/Backbone-Fastapi-CBV/backbone/auth/router.py", line 72, in login
    raise HTTPException(status_code=401, detail="Invalid email or password")
fastapi.exceptions.HTTPException: 401: Invalid email or password

--- Login Error ---
Traceback (most recent call last):
  File "/Users/jaypatel/Desktop/Development/Jay/Backbone-Fastapi-CBV/backbone/auth/router.py", line 72, in login
    raise HTTPException(status_code=401, detail="Invalid email or password")
fastapi.exceptions.HTTPException: 401: Invalid email or password

--- Login Error ---
Traceback (most recent call last):
  File "/Users/jaypatel/Desktop/Development/Jay/Backbone-Fastapi-CBV/backbone/auth/router.py", line 72, in login
    raise HTTPException(status_code=401, detail="Invalid email or password")
fastapi.exceptions.HTTPException: 401: Invalid email or password

--- Login Error ---
Traceback (most recent call last):
  File "/Users/jaypatel/Desktop/Development/Jay/Backbone-Fastapi-CBV/backbone/auth/router.py", line 72, in login
    raise HTTPException(status_code=401, detail="Invalid email or password")
fastapi.exceptions.HTTPException: 401: Invalid email or password

--- Login Error ---
Traceback (most recent call last):
  File "/Users/jaypatel/Desktop/Development/Jay/Backbone-Fastapi-CBV/backbone/auth/router.py", line 72, in login
    raise HTTPException(status_code=401, detail="Invalid email or password")
fastapi.exceptions.HTTPException: 401: Invalid email or password

--- Login Error ---
Traceback (most recent call last):
  File "/Users/jaypatel/Desktop/Development/Jay/Backbone-Fastapi-CBV/backbone/auth/router.py", line 72, in login
    raise HTTPException(status_code=401, detail="Invalid email or password")
fastapi.exceptions.HTTPException: 401: Invalid email or password

--- Login Error ---
Traceback (most recent call last):
  File "/Users/jaypatel/Desktop/Development/Jay/Backbone-Fastapi-CBV/backbone/auth/router.py", line 72, in login
    raise HTTPException(status_code=401, detail="Invalid email or password")
fastapi.exceptions.HTTPException: 401: Invalid email or password

--- Login Error ---
Traceback (most recent call last):
  File "/Users/jaypatel/Desktop/Development/Jay/Backbone-Fastapi-CBV/backbone/auth/router.py", line 72, in login
    raise HTTPException(status_code=401, detail="Invalid email or password")
fastapi.exceptions.HTTPException: 401: Invalid email or password

--- Login Error ---
Traceback (most recent call last):
  File "/Users/jaypatel/Desktop/Development/Jay/Backbone-Fastapi-CBV/backbone/auth/router.py", line 72, in login
    raise HTTPException(status_code=401, detail="Invalid email or password")
fastapi.exceptions.HTTPException: 401: Invalid email or password

--- Login Error ---
Traceback (most recent call last):
  File "/Users/jaypatel/Desktop/Development/Jay/Backbone-Fastapi-CBV/backbone/auth/router.py", line 72, in login
    raise HTTPException(status_code=401, detail="Invalid email or password")
fastapi.exceptions.HTTPException: 401: Invalid email or password

--- Login Error ---
Traceback (most recent call last):
  File "/home/sanskar/Desktop/Learning/Backbone-Fastapi-CBV/backbone/auth/router.py", line 72, in login
    raise HTTPException(status_code=401, detail="Invalid email or password")
fastapi.exceptions.HTTPException: 401: Invalid email or password

--- Login Error ---
Traceback (most recent call last):
  File "/home/sanskar/Desktop/Learning/Backbone-Fastapi-CBV/backbone/auth/router.py", line 72, in login
    raise HTTPException(status_code=401, detail="Invalid email or password")
fastapi.exceptions.HTTPException: 401: Invalid email or password

--- Login Error ---
Traceback (most recent call last):
  File "/home/sanskar/Desktop/Learning/Backbone-Fastapi-CBV/backbone/auth/router.py", line 72, in login
    raise HTTPException(status_code=401, detail="Invalid email or password")
fastapi.exceptions.HTTPException: 401: Invalid email or password

--- Login Error ---
Traceback (most recent call last):
  File "/home/sanskar/Desktop/Learning/Backbone-Fastapi-CBV/backbone/auth/router.py", line 72, in login
    raise HTTPException(status_code=401, detail="Invalid email or password")
fastapi.exceptions.HTTPException: 401: Invalid email or password

--- Login Error ---
Traceback (most recent call last):
  File "/home/sanskar/Desktop/Learning/Backbone-Fastapi-CBV/backbone/auth/router.py", line 72, in login
    raise HTTPException(status_code=401, detail="Invalid email or password")
fastapi.exceptions.HTTPException: 401: Invalid email or password

--- Login Error ---
Traceback (most recent call last):
  File "/home/sanskar/Desktop/Learning/Backbone-Fastapi-CBV/backbone/auth/router.py", line 72, in login
    raise HTTPException(status_code=401, detail="Invalid email or password")
fastapi.exceptions.HTTPException: 401: Invalid email or password

--- Login Error ---
Traceback (most recent call last):
  File "/home/sanskar/Desktop/Learning/Backbone-Fastapi-CBV/backbone/auth/router.py", line 72, in login
    raise HTTPException(status_code=401, detail="Invalid email or password")
fastapi.exceptions.HTTPException: 401: Invalid email or password

--- Login Error ---
Traceback (most recent call last):
  File "/home/sanskar/Desktop/Learning/Backbone-Fastapi-CBV/backbone/auth/router.py", line 72, in login
    raise HTTPException(status_code=401, detail="Invalid email or password")
fastapi.exceptions.HTTPException: 401: Invalid email or password

--- Login Error ---
Traceback (most recent call last):
  File "/home/sanskar/Desktop/Learning/Backbone-Fastapi-CBV/backbone/auth/router.py", line 72, in login
    raise HTTPException(status_code=401, detail="Invalid email or password")
fastapi.exceptions.HTTPException: 401: Invalid email or password

--- Login Error ---
Traceback (most recent call last):
  File "/home/sanskar/Desktop/Learning/Backbone-Fastapi-CBV/backbone/auth/router.py", line 72, in login
    raise HTTPException(status_code=401, detail="Invalid email or password")
fastapi.exceptions.HTTPException: 401: Invalid email or password

--- Login Error ---
Traceback (most recent call last):
  File "/home/sanskar/Desktop/Learning/Backbone-Fastapi-CBV/backbone/auth/router.py", line 72, in login
    raise HTTPException(status_code=401, detail="Invalid email or password")
fastapi.exceptions.HTTPException: 401: Invalid email or password

--- Login Error ---
Traceback (most recent call last):
  File "/home/sanskar/Desktop/Learning/Backbone-Fastapi-CBV/backbone/auth/router.py", line 72, in login
    raise HTTPException(status_code=401, detail="Invalid email or password")
fastapi.exceptions.HTTPException: 401: Invalid email or password

--- Login Error ---
Traceback (most recent call last):
  File "/home/sanskar/Desktop/Learning/Backbone-Fastapi-CBV/backbone/auth/router.py", line 72, in login
    raise HTTPException(status_code=401, detail="Invalid email or password")
fastapi.exceptions.HTTPException: 401: Invalid email or password

--- Login Error ---
Traceback (most recent call last):
  File "/home/sanskar/Desktop/Learning/Backbone-Fastapi-CBV/backbone/auth/router.py", line 72, in login
    raise HTTPException(status_code=401, detail="Invalid email or password")
fastapi.exceptions.HTTPException: 401: Invalid email or password

--- Login Error ---
Traceback (most recent call last):
  File "/home/sanskar/Desktop/Learning/Backbone-Fastapi-CBV/backbone/auth/router.py", line 72, in login
    raise HTTPException(status_code=401, detail="Invalid email or password")
fastapi.exceptions.HTTPException: 401: Invalid email or password

--- Login Error ---
Traceback (most recent call last):
  File "/home/sanskar/Desktop/Learning/Backbone-Fastapi-CBV/backbone/auth/router.py", line 72, in login
    raise HTTPException(status_code=401, detail="Invalid email or password")
fastapi.exceptions.HTTPException: 401: Invalid email or password

--- Login Error ---
Traceback (most recent call last):
  File "/home/sanskar/Desktop/Learning/Backbone-Fastapi-CBV/backbone/auth/router.py", line 72, in login
    raise HTTPException(status_code=401, detail="Invalid email or password")
fastapi.exceptions.HTTPException: 401: Invalid email or password

--- Login Error ---
Traceback (most recent call last):
  File "/home/sanskar/Desktop/Learning/Backbone-Fastapi-CBV/backbone/auth/router.py", line 72, in login
    raise HTTPException(status_code=401, detail="Invalid email or password")
fastapi.exceptions.HTTPException: 401: Invalid email or password

--- Login Error ---
Traceback (most recent call last):
  File "/home/sanskar/Desktop/Learning/Backbone-Fastapi-CBV/backbone/auth/router.py", line 72, in login
    raise HTTPException(status_code=401, detail="Invalid email or password")
fastapi.exceptions.HTTPException: 401: Invalid email or password

--- Login Error ---
Traceback (most recent call last):
  File "/home/sanskar/Desktop/Learning/Backbone-Fastapi-CBV/backbone/auth/router.py", line 72, in login
    raise HTTPException(status_code=401, detail="Invalid email or password")
fastapi.exceptions.HTTPException: 401: Invalid email or password

--- Login Error ---
Traceback (most recent call last):
  File "/home/sanskar/Desktop/Learning/Backbone-Fastapi-CBV/backbone/auth/router.py", line 72, in login
    raise HTTPException(status_code=401, detail="Invalid email or password")
fastapi.exceptions.HTTPException: 401: Invalid email or password

--- Login Error ---
Traceback (most recent call last):
  File "/home/sanskar/Desktop/Learning/Backbone-Fastapi-CBV/backbone/auth/router.py", line 72, in login
    raise HTTPException(status_code=401, detail="Invalid email or password")
fastapi.exceptions.HTTPException: 401: Invalid email or password

--- Login Error ---
Traceback (most recent call last):
  File "/home/sanskar/Desktop/Learning/Backbone-Fastapi-CBV/backbone/auth/router.py", line 72, in login
    raise HTTPException(status_code=401, detail="Invalid email or password")
fastapi.exceptions.HTTPException: 401: Invalid email or password

--- Login Error ---
Traceback (most recent call last):
  File "/home/sanskar/Desktop/Learning/Backbone-Fastapi-CBV/backbone/auth/router.py", line 72, in login
    raise HTTPException(status_code=401, detail="Invalid email or password")
fastapi.exceptions.HTTPException: 401: Invalid email or password

--- Login Error ---
Traceback (most recent call last):
  File "/home/sanskar/Desktop/Learning/Backbone-Fastapi-CBV/backbone/auth/router.py", line 72, in login
    raise HTTPException(status_code=401, detail="Invalid email or password")
fastapi.exceptions.HTTPException: 401: Invalid email or password

--- Login Error ---
Traceback (most recent call last):
  File "/home/sanskar/Desktop/Learning/Backbone-Fastapi-CBV/backbone/auth/router.py", line 72, in login
    raise HTTPException(status_code=401, detail="Invalid email or password")
fastapi.exceptions.HTTPException: 401: Invalid email or password

--- Login Error ---
Traceback (most recent call last):
  File "/home/sanskar/Desktop/Learning/Backbone-Fastapi-CBV/backbone/auth/router.py", line 72, in login
    raise HTTPException(status_code=401, detail="Invalid email or password")
fastapi.exceptions.HTTPException: 401: Invalid email or password

--- Login Error ---
Traceback (most recent call last):
  File "/home/sanskar/Desktop/Learning/Backbone-Fastapi-CBV/backbone/auth/router.py", line 72, in login
    raise HTTPException(status_code=401, detail="Invalid email or password")
fastapi.exceptions.HTTPException: 401: Invalid email or password

--- Login Error ---
Traceback (most recent call last):
  File "/home/sanskar/Desktop/Learning/Backbone-Fastapi-CBV/backbone/auth/router.py", line 72, in login
    raise HTTPException(status_code=401, detail="Invalid email or password")
fastapi.exceptions.HTTPException: 401: Invalid email or password

--- Login Error ---
Traceback (most recent call last):
  File "/home/sanskar/Desktop/Learning/Backbone-Fastapi-CBV/backbone/auth/router.py", line 72, in login
    raise HTTPException(status_code=401, detail="Invalid email or password")
fastapi.exceptions.HTTPException: 401: Invalid email or password

--- Login Error ---
Traceback (most recent call last):
  File "/home/sanskar/Desktop/Learning/Backbone-Fastapi-CBV/backbone/auth/router.py", line 72, in login
    raise HTTPException(status_code=401, detail="Invalid email or password")
fastapi.exceptions.HTTPException: 401: Invalid email or password

--- Login Error ---
Traceback (most recent call last):
  File "/home/sanskar/Desktop/Learning/Backbone-Fastapi-CBV/backbone/auth/router.py", line 72, in login
    raise HTTPException(status_code=401, detail="Invalid email or password")
fastapi.exceptions.HTTPException: 401: Invalid email or password

--- Login Error ---
Traceback (most recent call last):
  File "/home/sanskar/Desktop/Learning/Backbone-Fastapi-CBV/backbone/auth/router.py", line 72, in login
    raise HTTPException(status_code=401, detail="Invalid email or password")
fastapi.exceptions.HTTPException: 401: Invalid email or password

--- Login Error ---
Traceback (most recent call last):
  File "/home/sanskar/Desktop/Learning/Backbone-Fastapi-CBV/backbone/auth/router.py", line 72, in login
    raise HTTPException(status_code=401, detail="Invalid email or password")
fastapi.exceptions.HTTPException: 401: Invalid email or password

--- Login Error ---
Traceback (most recent call last):
  File "/home/sanskar/Desktop/Learning/Backbone-Fastapi-CBV/backbone/auth/router.py", line 72, in login
    raise HTTPException(status_code=401, detail="Invalid email or password")
fastapi.exceptions.HTTPException: 401: Invalid email or password

--- Login Error ---
Traceback (most recent call last):
  File "/home/sanskar/Desktop/Learning/Backbone-Fastapi-CBV/backbone/auth/router.py", line 72, in login
    raise HTTPException(status_code=401, detail="Invalid email or password")
fastapi.exceptions.HTTPException: 401: Invalid email or password

--- Login Error ---
Traceback (most recent call last):
  File "/home/sanskar/Desktop/Learning/Backbone-Fastapi-CBV/backbone/auth/router.py", line 72, in login
    raise HTTPException(status_code=401, detail="Invalid email or password")
fastapi.exceptions.HTTPException: 401: Invalid email or password

--- Login Error ---
Traceback (most recent call last):
  File "/home/sanskar/Desktop/Learning/Backbone-Fastapi-CBV/backbone/auth/router.py", line 72, in login
    raise HTTPException(status_code=401, detail="Invalid email or password")
fastapi.exceptions.HTTPException: 401: Invalid email or password

--- Login Error ---
Traceback (most recent call last):
  File "/home/sanskar/Desktop/Learning/Backbone-Fastapi-CBV/backbone/auth/router.py", line 72, in login
    raise HTTPException(status_code=401, detail="Invalid email or password")
fastapi.exceptions.HTTPException: 401: Invalid email or password

--- Login Error ---
Traceback (most recent call last):
  File "/home/sanskar/Desktop/Learning/Backbone-Fastapi-CBV/backbone/auth/router.py", line 72, in login
    raise HTTPException(status_code=401, detail="Invalid email or password")
fastapi.exceptions.HTTPException: 401: Invalid email or password

--- Login Error ---
Traceback (most recent call last):
  File "/home/sanskar/Desktop/Learning/Backbone-Fastapi-CBV/backbone/auth/router.py", line 72, in login
    raise HTTPException(status_code=401, detail="Invalid email or password")
fastapi.exceptions.HTTPException: 401: Invalid email or password

--- Login Error ---
Traceback (most recent call last):
  File "/home/sanskar/Desktop/Learning/Backbone-Fastapi-CBV/backbone/auth/router.py", line 72, in login
    raise HTTPException(status_code=401, detail="Invalid email or password")
fastapi.exceptions.HTTPException: 401: Invalid email or password

--- Login Error ---
Traceback (most recent call last):
  File "/home/sanskar/Desktop/Learning/Backbone-Fastapi-CBV/backbone/auth/router.py", line 72, in login
    raise HTTPException(status_code=401, detail="Invalid email or password")
fastapi.exceptions.HTTPException: 401: Invalid email or password

--- Login Error ---
Traceback (most recent call last):
  File "/home/sanskar/Desktop/Learning/Backbone-Fastapi-CBV/backbone/auth/router.py", line 72, in login
    raise HTTPException(status_code=401, detail="Invalid email or password")
fastapi.exceptions.HTTPException: 401: Invalid email or password

--- Login Error ---
Traceback (most recent call last):
  File "/home/sanskar/Desktop/Learning/Backbone-Fastapi-CBV/backbone/auth/router.py", line 72, in login
    raise HTTPException(status_code=401, detail="Invalid email or password")
fastapi.exceptions.HTTPException: 401: Invalid email or password

--- Login Error ---
Traceback (most recent call last):
  File "/Users/jaypatel/Desktop/Development/Jay/Backbone-Fastapi-CBV/backbone/auth/router.py", line 82, in login
    raise HTTPException(status_code=401, detail="Invalid email or password")
fastapi.exceptions.HTTPException: 401: Invalid email or password

--- Login Error ---
Traceback (most recent call last):
  File "/Users/jaypatel/Desktop/Development/Jay/Backbone-Fastapi-CBV/backbone/auth/router.py", line 82, in login
    raise HTTPException(status_code=401, detail="Invalid email or password")
fastapi.exceptions.HTTPException: 401: Invalid email or password

--- Login Error ---
Traceback (most recent call last):
  File "/Users/jaypatel/Desktop/Development/Jay/Backbone-Fastapi-CBV/backbone/auth/router.py", line 82, in login
    raise HTTPException(status_code=401, detail="Invalid email or password")
fastapi.exceptions.HTTPException: 401: Invalid email or password

--- Login Error ---
Traceback (most recent call last):
  File "/Users/jaypatel/Desktop/Development/Jay/Backbone-Fastapi-CBV/backbone/auth/router.py", line 82, in login
    raise HTTPException(status_code=401, detail="Invalid email or password")
fastapi.exceptions.HTTPException: 401: Invalid email or password

--- Login Error ---
Traceback (most recent call last):
  File "/Users/jaypatel/Desktop/Development/Jay/Backbone-Fastapi-CBV/backbone/auth/router.py", line 82, in login
    raise HTTPException(status_code=401, detail="Invalid email or password")
fastapi.exceptions.HTTPException: 401: Invalid email or password

--- Login Error ---
Traceback (most recent call last):
  File "/Users/jaypatel/Desktop/Development/Jay/Backbone-Fastapi-CBV/backbone/auth/router.py", line 82, in login
    raise HTTPException(status_code=401, detail="Invalid email or password")
fastapi.exceptions.HTTPException: 401: Invalid email or password

--- Login Error ---
Traceback (most recent call last):
  File "/Users/jaypatel/Desktop/Development/Jay/Backbone-Fastapi-CBV/backbone/auth/router.py", line 82, in login
    raise HTTPException(status_code=401, detail="Invalid email or password")
fastapi.exceptions.HTTPException: 401: Invalid email or password

--- Login Error ---
Traceback (most recent call last):
  File "/Users/jaypatel/Desktop/Development/Jay/Backbone-Fastapi-CBV/backbone/auth/router.py", line 82, in login
    raise HTTPException(status_code=401, detail="Invalid email or password")
fastapi.exceptions.HTTPException: 401: Invalid email or password

--- Login Error ---
Traceback (most recent call last):
  File "/Users/jaypatel/Desktop/Development/Jay/Backbone-Fastapi-CBV/backbone/auth/router.py", line 82, in login
    raise HTTPException(status_code=401, detail="Invalid email or password")
fastapi.exceptions.HTTPException: 401: Invalid email or password

--- Login Error ---
Traceback (most recent call last):
  File "/Users/jaypatel/Desktop/Development/Jay/Backbone-Fastapi-CBV/backbone/auth/router.py", line 82, in login
    raise HTTPException(status_code=401, detail="Invalid email or password")
fastapi.exceptions.HTTPException: 401: Invalid email or password

--- Login Error ---
Traceback (most recent call last):
  File "/Users/jaypatel/Desktop/Development/Jay/Backbone-Fastapi-CBV/backbone/auth/router.py", line 82, in login
    raise HTTPException(status_code=401, detail="Invalid email or password")
fastapi.exceptions.HTTPException: 401: Invalid email or password

--- Login Error ---
Traceback (most recent call last):
  File "/Users/jaypatel/Desktop/Development/Jay/Backbone-Fastapi-CBV/backbone/auth/router.py", line 82, in login
    raise HTTPException(status_code=401, detail="Invalid email or password")
fastapi.exceptions.HTTPException: 401: Invalid email or password

--- Login Error ---
Traceback (most recent call last):
  File "/Users/jaypatel/Desktop/Development/Jay/Backbone-Fastapi-CBV/backbone/auth/router.py", line 82, in login
    raise HTTPException(status_code=401, detail="Invalid email or password")
fastapi.exceptions.HTTPException: 401: Invalid email or password

--- Login Error ---
Traceback (most recent call last):
  File "/Users/jaypatel/Desktop/Development/Jay/Backbone-Fastapi-CBV/backbone/auth/router.py", line 82, in login
    raise HTTPException(status_code=401, detail="Invalid email or password")
fastapi.exceptions.HTTPException: 401: Invalid email or password

--- Login Error ---
Traceback (most recent call last):
  File "/Users/jaypatel/Desktop/Development/Jay/Backbone-Fastapi-CBV/backbone/auth/router.py", line 82, in login
    raise HTTPException(status_code=401, detail="Invalid email or password")
fastapi.exceptions.HTTPException: 401: Invalid email or password
